[2026-09-02T08:50:15.646Z] === 開始每月題庫更新（版本 202609）===
[2026-09-02T08:50:15.650Z] 處理 chinese...
[2026-09-02T08:50:15.653Z]   題池共 199 題
[2026-09-02T08:50:15.654Z]   ⚠ 題池不足，維持現有題庫並補足
[2026-09-02T08:50:15.656Z]   ✓ 輸出 199 題
[2026-09-02T08:50:15.656Z] 處理 english...
[2026-09-02T08:50:15.658Z]   題池共 225 題
[2026-09-02T08:50:15.659Z]   ✓ 輸出 200 題
[2026-09-02T08:50:15.659Z] 處理 math...
[2026-09-02T08:50:15.661Z]   新增生成題 41 題 → assets\js\banks\generated\math\202609.js
[2026-09-02T08:50:15.675Z]   題池共 242 題
[2026-09-02T08:50:15.676Z]   ✓ 輸出 200 題
[2026-09-02T08:50:15.676Z] 處理 science...
[2026-09-02T08:50:15.677Z]   新增生成題 20 題 → assets\js\banks\generated\science\202609.js
[2026-09-02T08:50:15.688Z]   題池共 207 題
[2026-09-02T08:50:15.689Z]   ✓ 輸出 200 題
[2026-09-02T08:50:15.689Z] 處理 social...
[2026-09-02T08:50:15.691Z]   題池共 219 題
[2026-09-02T08:50:15.692Z]   ✓ 輸出 200 題
[2026-09-02T08:50:15.736Z] 題庫版本：202609，下次更新：2026-09-30
[2026-09-02T08:50:15.736Z] === 更新完成 ===

[2026-09-02T08:50:40.135Z] === 開始每月題庫更新（版本 202609）===
[2026-09-02T08:50:40.137Z] 處理 chinese...
[2026-09-02T08:50:40.140Z]   題池共 199 題
[2026-09-02T08:50:40.141Z]   ⚠ 題池不足，維持現有題庫並補足
[2026-09-02T08:50:40.143Z]   ✓ 輸出 199 題
[2026-09-02T08:50:40.143Z] 處理 english...
[2026-09-02T08:50:40.145Z]   題池共 215 題
[2026-09-02T08:50:40.146Z]   ✓ 輸出 200 題
[2026-09-02T08:50:40.147Z] 處理 math...
[2026-09-02T08:50:40.148Z]   新增生成題 41 題 → assets\js\banks\generated\math\202609.js
[2026-09-02T08:50:40.150Z]   題池共 227 題
[2026-09-02T08:50:40.150Z]   ✓ 輸出 200 題
[2026-09-02T08:50:40.151Z] 處理 science...
[2026-09-02T08:50:40.151Z]   新增生成題 20 題 → assets\js\banks\generated\science\202609.js
[2026-09-02T08:50:40.154Z]   題池共 206 題
[2026-09-02T08:50:40.155Z]   ✓ 輸出 200 題
[2026-09-02T08:50:40.155Z] 處理 social...
[2026-09-02T08:50:40.158Z]   題池共 216 題
[2026-09-02T08:50:40.158Z]   ✓ 輸出 200 題
[2026-09-02T08:50:40.171Z] 題庫版本：202609，下次更新：2026-10-01
[2026-09-02T08:50:40.171Z] === 更新完成 ===

[2026-09-02T08:51:19.481Z] === 開始每月題庫更新（版本 202609）===
[2026-09-02T08:51:19.483Z] 處理 chinese...
[2026-09-02T08:51:19.484Z]   新增生成題 20 題 → assets\js\banks\generated\chinese\202609.js
[2026-09-02T08:51:19.496Z]   題池共 219 題
[2026-09-02T08:51:19.498Z]   ✓ 輸出 200 題
[2026-09-02T08:51:19.498Z] 處理 english...
[2026-09-02T08:51:19.499Z]   新增生成題 20 題 → assets\js\banks\generated\english\202609.js
[2026-09-02T08:51:19.509Z]   題池共 232 題
[2026-09-02T08:51:19.510Z]   ✓ 輸出 200 題
[2026-09-02T08:51:19.510Z] 處理 math...
[2026-09-02T08:51:19.511Z]   新增生成題 41 題 → assets\js\banks\generated\math\202609.js
[2026-09-02T08:51:19.513Z]   題池共 221 題
[2026-09-02T08:51:19.514Z]   ✓ 輸出 200 題
[2026-09-02T08:51:19.514Z] 處理 science...
[2026-09-02T08:51:19.515Z]   新增生成題 20 題 → assets\js\banks\generated\science\202609.js
[2026-09-02T08:51:19.517Z]   題池共 205 題
[2026-09-02T08:51:19.518Z]   ✓ 輸出 200 題
[2026-09-02T08:51:19.519Z] 處理 social...
[2026-09-02T08:51:19.520Z]   新增生成題 20 題 → assets\js\banks\generated\social\202609.js
[2026-09-02T08:51:19.529Z]   題池共 233 題
[2026-09-02T08:51:19.530Z]   ✓ 輸出 200 題
[2026-09-02T08:51:19.544Z] 題庫版本：202609，下次更新：2026-10-01
[2026-09-02T08:51:19.544Z] === 更新完成 ===

[2026-09-02T09:27:53.175Z] === 每月題庫更新 版本 202609 ===
[2026-09-02T09:27:53.188Z] --- junior ---
[2026-09-02T09:27:53.189Z] junior/chinese:
[2026-09-02T09:27:53.190Z]   新增生成題 20 題
[2026-09-02T09:27:53.203Z]   題池 215 題
[2026-09-02T09:27:53.204Z]   ✓ 輸出 200 題
[2026-09-02T09:27:53.205Z] junior/english:
[2026-09-02T09:27:53.206Z]   新增生成題 20 題
[2026-09-02T09:27:53.218Z]   題池 218 題
[2026-09-02T09:27:53.219Z]   ✓ 輸出 200 題
[2026-09-02T09:27:53.219Z] junior/math:
[2026-09-02T09:27:53.220Z]   新增生成題 41 題
[2026-09-02T09:27:53.238Z]   題池 216 題
[2026-09-02T09:27:53.239Z]   ✓ 輸出 200 題
[2026-09-02T09:27:53.239Z] junior/science:
[2026-09-02T09:27:53.240Z]   新增生成題 20 題
[2026-09-02T09:27:53.252Z]   題池 204 題
[2026-09-02T09:27:53.253Z]   ✓ 輸出 200 題
[2026-09-02T09:27:53.253Z] junior/social:
[2026-09-02T09:27:53.253Z]   新增生成題 20 題
[2026-09-02T09:27:53.264Z]   題池 223 題
[2026-09-02T09:27:53.265Z]   ✓ 輸出 200 題
[2026-09-02T09:27:53.265Z] --- gsat ---
[2026-09-02T09:27:53.265Z] gsat/chinese:
[2026-09-02T09:27:53.267Z]   新增生成題 20 題
[2026-09-02T09:27:53.277Z]   題池 200 題
[2026-09-02T09:27:53.277Z]   ✓ 輸出 200 題
[2026-09-02T09:27:53.278Z] gsat/english:
[2026-09-02T09:27:53.278Z]   新增生成題 23 題
[2026-09-02T09:27:53.289Z]   題池 200 題
[2026-09-02T09:27:53.290Z]   ✓ 輸出 200 題
[2026-09-02T09:27:53.290Z] gsat/mathA:
[2026-09-02T09:27:53.292Z]   新增生成題 25 題
[2026-09-02T09:27:53.302Z]   題池 200 題
[2026-09-02T09:27:53.303Z]   ✓ 輸出 200 題
[2026-09-02T09:27:53.303Z] gsat/mathB:
[2026-09-02T09:27:53.304Z]   新增生成題 25 題
[2026-09-02T09:27:53.314Z]   題池 200 題
[2026-09-02T09:27:53.315Z]   ✓ 輸出 200 題
[2026-09-02T09:27:53.315Z] gsat/science:
[2026-09-02T09:27:53.316Z]   新增生成題 25 題
[2026-09-02T09:27:53.326Z]   題池 200 題
[2026-09-02T09:27:53.327Z]   ✓ 輸出 200 題
[2026-09-02T09:27:53.327Z] gsat/social:
[2026-09-02T09:27:53.328Z]   新增生成題 25 題
[2026-09-02T09:27:53.337Z]   題池 200 題
[2026-09-02T09:27:53.338Z]   ✓ 輸出 200 題
[2026-09-02T09:27:53.338Z] --- ast ---
[2026-09-02T09:27:53.338Z] ast/mathA:
[2026-09-02T09:27:53.339Z]   新增生成題 25 題
[2026-09-02T09:27:53.350Z]   題池 200 題
[2026-09-02T09:27:53.352Z]   ✓ 輸出 200 題
[2026-09-02T09:27:53.352Z] ast/mathB:
[2026-09-02T09:27:53.353Z]   新增生成題 25 題
[2026-09-02T09:27:53.364Z]   題池 200 題
[2026-09-02T09:27:53.366Z]   ✓ 輸出 200 題
[2026-09-02T09:27:53.366Z] ast/physics:
[2026-09-02T09:27:53.366Z]   新增生成題 25 題
[2026-09-02T09:27:53.378Z]   題池 200 題
[2026-09-02T09:27:53.379Z]   ✓ 輸出 200 題
[2026-09-02T09:27:53.379Z] ast/chemistry:
[2026-09-02T09:27:53.380Z]   新增生成題 25 題
[2026-09-02T09:27:53.390Z]   題池 200 題
[2026-09-02T09:27:53.391Z]   ✓ 輸出 200 題
[2026-09-02T09:27:53.391Z] ast/biology:
[2026-09-02T09:27:53.392Z]   新增生成題 25 題
[2026-09-02T09:27:53.402Z]   題池 200 題
[2026-09-02T09:27:53.402Z]   ✓ 輸出 200 題
[2026-09-02T09:27:53.403Z] ast/history:
[2026-09-02T09:27:53.404Z]   新增生成題 25 題
[2026-09-02T09:27:53.413Z]   題池 200 題
[2026-09-02T09:27:53.414Z]   ✓ 輸出 200 題
[2026-09-02T09:27:53.414Z] ast/geography:
[2026-09-02T09:27:53.415Z]   新增生成題 25 題
[2026-09-02T09:27:53.425Z]   題池 200 題
[2026-09-02T09:27:53.426Z]   ✓ 輸出 200 題
[2026-09-02T09:27:53.426Z] ast/civics:
[2026-09-02T09:27:53.427Z]   新增生成題 25 題
[2026-09-02T09:27:53.441Z]   題池 200 題
[2026-09-02T09:27:53.442Z]   ✓ 輸出 200 題
[2026-09-02T09:27:53.443Z] 完成。下次更新：2026-10-01

[2026-09-02T09:39:05.145Z] === 每月題庫更新 版本 202609 ===
[2026-09-02T09:39:05.158Z] --- junior ---
[2026-09-02T09:39:05.159Z] junior/chinese:
[2026-09-02T09:39:05.160Z]   新增生成題 20 題
[2026-09-02T09:39:05.164Z]   題池 210 題
[2026-09-02T09:39:05.165Z]   ✓ 輸出 200 題
[2026-09-02T09:39:05.165Z] junior/english:
[2026-09-02T09:39:05.166Z]   新增生成題 20 題
[2026-09-02T09:39:05.177Z]   題池 215 題
[2026-09-02T09:39:05.178Z]   ✓ 輸出 200 題
[2026-09-02T09:39:05.178Z] junior/math:
[2026-09-02T09:39:05.180Z]   新增生成題 41 題
[2026-09-02T09:39:05.182Z]   題池 215 題
[2026-09-02T09:39:05.183Z]   ✓ 輸出 200 題
[2026-09-02T09:39:05.183Z] junior/science:
[2026-09-02T09:39:05.184Z]   新增生成題 20 題
[2026-09-02T09:39:05.186Z]   題池 204 題
[2026-09-02T09:39:05.186Z]   ✓ 輸出 200 題
[2026-09-02T09:39:05.187Z] junior/social:
[2026-09-02T09:39:05.187Z]   新增生成題 20 題
[2026-09-02T09:39:05.199Z]   題池 219 題
[2026-09-02T09:39:05.200Z]   ✓ 輸出 200 題
[2026-09-02T09:39:05.200Z] --- gsat ---
[2026-09-02T09:39:05.200Z] gsat/chinese:
[2026-09-02T09:39:05.202Z]   新增生成題 20 題
[2026-09-02T09:39:05.212Z]   題池 200 題
[2026-09-02T09:39:05.213Z]   ✓ 輸出 200 題
[2026-09-02T09:39:05.213Z] gsat/english:
[2026-09-02T09:39:05.214Z]   新增生成題 23 題
[2026-09-02T09:39:05.226Z]   題池 200 題
[2026-09-02T09:39:05.227Z]   ✓ 輸出 200 題
[2026-09-02T09:39:05.227Z] gsat/mathA:
[2026-09-02T09:39:05.229Z]   新增生成題 25 題
[2026-09-02T09:39:05.240Z]   題池 200 題
[2026-09-02T09:39:05.241Z]   ✓ 輸出 200 題
[2026-09-02T09:39:05.241Z] gsat/mathB:
[2026-09-02T09:39:05.241Z]   新增生成題 25 題
[2026-09-02T09:39:05.252Z]   題池 200 題
[2026-09-02T09:39:05.253Z]   ✓ 輸出 200 題
[2026-09-02T09:39:05.254Z] gsat/science:
[2026-09-02T09:39:05.254Z]   新增生成題 25 題
[2026-09-02T09:39:05.264Z]   題池 200 題
[2026-09-02T09:39:05.264Z]   ✓ 輸出 200 題
[2026-09-02T09:39:05.265Z] gsat/social:
[2026-09-02T09:39:05.265Z]   新增生成題 25 題
[2026-09-02T09:39:05.275Z]   題池 200 題
[2026-09-02T09:39:05.275Z]   ✓ 輸出 200 題
[2026-09-02T09:39:05.276Z] --- ast ---
[2026-09-02T09:39:05.276Z] ast/mathA:
[2026-09-02T09:39:05.276Z]   新增生成題 25 題
[2026-09-02T09:39:05.287Z]   題池 200 題
[2026-09-02T09:39:05.289Z]   ✓ 輸出 200 題
[2026-09-02T09:39:05.289Z] ast/mathB:
[2026-09-02T09:39:05.290Z]   新增生成題 25 題
[2026-09-02T09:39:05.301Z]   題池 200 題
[2026-09-02T09:39:05.302Z]   ✓ 輸出 200 題
[2026-09-02T09:39:05.302Z] ast/physics:
[2026-09-02T09:39:05.303Z]   新增生成題 25 題
[2026-09-02T09:39:05.315Z]   題池 200 題
[2026-09-02T09:39:05.316Z]   ✓ 輸出 200 題
[2026-09-02T09:39:05.316Z] ast/chemistry:
[2026-09-02T09:39:05.317Z]   新增生成題 25 題
[2026-09-02T09:39:05.327Z]   題池 200 題
[2026-09-02T09:39:05.328Z]   ✓ 輸出 200 題
[2026-09-02T09:39:05.328Z] ast/biology:
[2026-09-02T09:39:05.329Z]   新增生成題 25 題
[2026-09-02T09:39:05.340Z]   題池 200 題
[2026-09-02T09:39:05.341Z]   ✓ 輸出 200 題
[2026-09-02T09:39:05.341Z] ast/history:
[2026-09-02T09:39:05.342Z]   新增生成題 25 題
[2026-09-02T09:39:05.351Z]   題池 200 題
[2026-09-02T09:39:05.352Z]   ✓ 輸出 200 題
[2026-09-02T09:39:05.352Z] ast/geography:
[2026-09-02T09:39:05.353Z]   新增生成題 25 題
[2026-09-02T09:39:05.363Z]   題池 200 題
[2026-09-02T09:39:05.364Z]   ✓ 輸出 200 題
[2026-09-02T09:39:05.364Z] ast/civics:
[2026-09-02T09:39:05.365Z]   新增生成題 25 題
[2026-09-02T09:39:05.374Z]   題池 200 題
[2026-09-02T09:39:05.375Z]   ✓ 輸出 200 題
[2026-09-02T09:39:05.375Z] 完成。下次更新：2026-10-01

[2026-09-04T07:55:11.569Z] === 每月題庫更新 版本 202609（含難度三級）===
[2026-09-04T07:55:11.617Z] --- junior ---
[2026-09-04T07:55:11.617Z] junior/chinese/easy:
[2026-09-04T07:55:11.622Z]   ✓ 輸出 200 題 → D:\Junior\assets\js\banks\junior\chinese\easy.js
[2026-09-04T07:55:11.622Z] junior/chinese/normal:
[2026-09-04T07:55:11.624Z]   ✓ 輸出 200 題 → D:\Junior\assets\js\banks\junior\chinese\normal.js
[2026-09-04T07:55:11.624Z] junior/chinese/hard:
[2026-09-04T07:55:11.627Z]   ✓ 輸出 200 題 → D:\Junior\assets\js\banks\junior\chinese\hard.js
[2026-09-04T07:55:11.627Z] junior/english/easy:
[2026-09-04T07:55:11.629Z]   ✓ 輸出 200 題 → D:\Junior\assets\js\banks\junior\english\easy.js
[2026-09-04T07:55:11.629Z] junior/english/normal:
[2026-09-04T07:55:11.631Z]   ✓ 輸出 200 題 → D:\Junior\assets\js\banks\junior\english\normal.js
[2026-09-04T07:55:11.632Z] junior/english/hard:
[2026-09-04T07:55:11.633Z]   ✓ 輸出 200 題 → D:\Junior\assets\js\banks\junior\english\hard.js
[2026-09-04T07:55:11.633Z] junior/math/easy:
[2026-09-04T07:55:11.637Z]   ✓ 輸出 200 題 → D:\Junior\assets\js\banks\junior\math\easy.js
[2026-09-04T07:55:11.637Z] junior/math/normal:
[2026-09-04T07:55:11.640Z]   ✓ 輸出 200 題 → D:\Junior\assets\js\banks\junior\math\normal.js
[2026-09-04T07:55:11.640Z] junior/math/hard:
[2026-09-04T07:55:11.642Z]   ✓ 輸出 200 題 → D:\Junior\assets\js\banks\junior\math\hard.js
[2026-09-04T07:55:11.642Z] junior/science/easy:
[2026-09-04T07:55:11.645Z]   ✓ 輸出 200 題 → D:\Junior\assets\js\banks\junior\science\easy.js
[2026-09-04T07:55:11.645Z] junior/science/normal:
[2026-09-04T07:55:11.648Z]   ✓ 輸出 200 題 → D:\Junior\assets\js\banks\junior\science\normal.js
[2026-09-04T07:55:11.648Z] junior/science/hard:
[2026-09-04T07:55:11.650Z]   ✓ 輸出 200 題 → D:\Junior\assets\js\banks\junior\science\hard.js
[2026-09-04T07:55:11.650Z] junior/social/easy:
[2026-09-04T07:55:11.652Z]   ✓ 輸出 200 題 → D:\Junior\assets\js\banks\junior\social\easy.js
[2026-09-04T07:55:11.653Z] junior/social/normal:
[2026-09-04T07:55:11.654Z]   ✓ 輸出 200 題 → D:\Junior\assets\js\banks\junior\social\normal.js
[2026-09-04T07:55:11.654Z] junior/social/hard:
[2026-09-04T07:55:11.656Z]   ✓ 輸出 200 題 → D:\Junior\assets\js\banks\junior\social\hard.js
[2026-09-04T07:55:11.656Z] --- gsat ---
[2026-09-04T07:55:11.657Z] gsat/chinese/easy:
[2026-09-04T07:55:11.659Z]   ✓ 輸出 200 題 → D:\Junior\assets\js\banks\gsat\chinese\easy.js
[2026-09-04T07:55:11.659Z] gsat/chinese/normal:
[2026-09-04T07:55:11.662Z]   ✓ 輸出 200 題 → D:\Junior\assets\js\banks\gsat\chinese\normal.js
[2026-09-04T07:55:11.662Z] gsat/chinese/hard:
[2026-09-04T07:55:11.664Z]   ✓ 輸出 200 題 → D:\Junior\assets\js\banks\gsat\chinese\hard.js
[2026-09-04T07:55:11.665Z] gsat/english/easy:
[2026-09-04T07:55:11.666Z]   ✓ 輸出 200 題 → D:\Junior\assets\js\banks\gsat\english\easy.js
[2026-09-04T07:55:11.666Z] gsat/english/normal:
[2026-09-04T07:55:11.667Z]   ✓ 輸出 200 題 → D:\Junior\assets\js\banks\gsat\english\normal.js
[2026-09-04T07:55:11.667Z] gsat/english/hard:
[2026-09-04T07:55:11.668Z]   ✓ 輸出 200 題 → D:\Junior\assets\js\banks\gsat\english\hard.js
[2026-09-04T07:55:11.669Z] gsat/mathA/easy:
[2026-09-04T07:55:11.678Z]   ✓ 輸出 200 題 → D:\Junior\assets\js\banks\gsat\mathA\easy.js
[2026-09-04T07:55:11.678Z] gsat/mathA/normal:
[2026-09-04T07:55:11.682Z]   ✓ 輸出 200 題 → D:\Junior\assets\js\banks\gsat\mathA\normal.js
[2026-09-04T07:55:11.682Z] gsat/mathA/hard:
[2026-09-04T07:55:11.685Z]   ✓ 輸出 200 題 → D:\Junior\assets\js\banks\gsat\mathA\hard.js
[2026-09-04T07:55:11.685Z] gsat/mathB/easy:
[2026-09-04T07:55:11.692Z]   ✓ 輸出 200 題 → D:\Junior\assets\js\banks\gsat\mathB\easy.js
[2026-09-04T07:55:11.692Z] gsat/mathB/normal:
[2026-09-04T07:55:11.696Z]   ✓ 輸出 200 題 → D:\Junior\assets\js\banks\gsat\mathB\normal.js
[2026-09-04T07:55:11.697Z] gsat/mathB/hard:
[2026-09-04T07:55:11.700Z]   ✓ 輸出 200 題 → D:\Junior\assets\js\banks\gsat\mathB\hard.js
[2026-09-04T07:55:11.700Z] gsat/science/easy:
[2026-09-04T07:55:11.701Z]   ✓ 輸出 200 題 → D:\Junior\assets\js\banks\gsat\science\easy.js
[2026-09-04T07:55:11.701Z] gsat/science/normal:
[2026-09-04T07:55:11.703Z]   ✓ 輸出 200 題 → D:\Junior\assets\js\banks\gsat\science\normal.js
[2026-09-04T07:55:11.703Z] gsat/science/hard:
[2026-09-04T07:55:11.705Z]   ✓ 輸出 200 題 → D:\Junior\assets\js\banks\gsat\science\hard.js
[2026-09-04T07:55:11.705Z] gsat/social/easy:
[2026-09-04T07:55:11.706Z]   ✓ 輸出 200 題 → D:\Junior\assets\js\banks\gsat\social\easy.js
[2026-09-04T07:55:11.706Z] gsat/social/normal:
[2026-09-04T07:55:11.709Z]   ✓ 輸出 200 題 → D:\Junior\assets\js\banks\gsat\social\normal.js
[2026-09-04T07:55:11.709Z] gsat/social/hard:
[2026-09-04T07:55:11.711Z]   ✓ 輸出 200 題 → D:\Junior\assets\js\banks\gsat\social\hard.js
[2026-09-04T07:55:11.711Z] --- ast ---
[2026-09-04T07:55:11.711Z] ast/mathA/easy:
[2026-09-04T07:55:11.717Z]   ✓ 輸出 200 題 → D:\Junior\assets\js\banks\ast\mathA\easy.js
[2026-09-04T07:55:11.717Z] ast/mathA/normal:
[2026-09-04T07:55:11.722Z]   ✓ 輸出 200 題 → D:\Junior\assets\js\banks\ast\mathA\normal.js
[2026-09-04T07:55:11.722Z] ast/mathA/hard:
[2026-09-04T07:55:11.725Z]   ✓ 輸出 200 題 → D:\Junior\assets\js\banks\ast\mathA\hard.js
[2026-09-04T07:55:11.725Z] ast/mathB/easy:
[2026-09-04T07:55:11.731Z]   ✓ 輸出 200 題 → D:\Junior\assets\js\banks\ast\mathB\easy.js
[2026-09-04T07:55:11.731Z] ast/mathB/normal:
[2026-09-04T07:55:11.735Z]   ✓ 輸出 200 題 → D:\Junior\assets\js\banks\ast\mathB\normal.js
[2026-09-04T07:55:11.735Z] ast/mathB/hard:
[2026-09-04T07:55:11.738Z]   ✓ 輸出 200 題 → D:\Junior\assets\js\banks\ast\mathB\hard.js
[2026-09-04T07:55:11.738Z] ast/physics/easy:
[2026-09-04T07:55:11.740Z]   ✓ 輸出 200 題 → D:\Junior\assets\js\banks\ast\physics\easy.js
[2026-09-04T07:55:11.740Z] ast/physics/normal:
[2026-09-04T07:55:11.742Z]   ✓ 輸出 200 題 → D:\Junior\assets\js\banks\ast\physics\normal.js
[2026-09-04T07:55:11.742Z] ast/physics/hard:
[2026-09-04T07:55:11.745Z]   ✓ 輸出 200 題 → D:\Junior\assets\js\banks\ast\physics\hard.js
[2026-09-04T07:55:11.745Z] ast/chemistry/easy:
[2026-09-04T07:55:11.748Z]   ✓ 輸出 200 題 → D:\Junior\assets\js\banks\ast\chemistry\easy.js
[2026-09-04T07:55:11.748Z] ast/chemistry/normal:
[2026-09-04T07:55:11.749Z]   ✓ 輸出 200 題 → D:\Junior\assets\js\banks\ast\chemistry\normal.js
[2026-09-04T07:55:11.749Z] ast/chemistry/hard:
[2026-09-04T07:55:11.751Z]   ✓ 輸出 200 題 → D:\Junior\assets\js\banks\ast\chemistry\hard.js
[2026-09-04T07:55:11.751Z] ast/biology/easy:
[2026-09-04T07:55:11.754Z]   ✓ 輸出 200 題 → D:\Junior\assets\js\banks\ast\biology\easy.js
[2026-09-04T07:55:11.754Z] ast/biology/normal:
[2026-09-04T07:55:11.756Z]   ✓ 輸出 200 題 → D:\Junior\assets\js\banks\ast\biology\normal.js
[2026-09-04T07:55:11.757Z] ast/biology/hard:
[2026-09-04T07:55:11.760Z]   ✓ 輸出 200 題 → D:\Junior\assets\js\banks\ast\biology\hard.js
[2026-09-04T07:55:11.760Z] ast/history/easy:
[2026-09-04T07:55:11.762Z]   ✓ 輸出 200 題 → D:\Junior\assets\js\banks\ast\history\easy.js
[2026-09-04T07:55:11.762Z] ast/history/normal:
[2026-09-04T07:55:11.764Z]   ✓ 輸出 200 題 → D:\Junior\assets\js\banks\ast\history\normal.js
[2026-09-04T07:55:11.765Z] ast/history/hard:
[2026-09-04T07:55:11.766Z]   ✓ 輸出 200 題 → D:\Junior\assets\js\banks\ast\history\hard.js
[2026-09-04T07:55:11.766Z] ast/geography/easy:
[2026-09-04T07:55:11.768Z]   ✓ 輸出 200 題 → D:\Junior\assets\js\banks\ast\geography\easy.js
[2026-09-04T07:55:11.768Z] ast/geography/normal:
[2026-09-04T07:55:11.769Z]   ✓ 輸出 200 題 → D:\Junior\assets\js\banks\ast\geography\normal.js
[2026-09-04T07:55:11.769Z] ast/geography/hard:
[2026-09-04T07:55:11.771Z]   ✓ 輸出 200 題 → D:\Junior\assets\js\banks\ast\geography\hard.js
[2026-09-04T07:55:11.771Z] ast/civics/easy:
[2026-09-04T07:55:11.773Z]   ✓ 輸出 200 題 → D:\Junior\assets\js\banks\ast\civics\easy.js
[2026-09-04T07:55:11.773Z] ast/civics/normal:
[2026-09-04T07:55:11.775Z]   ✓ 輸出 200 題 → D:\Junior\assets\js\banks\ast\civics\normal.js
[2026-09-04T07:55:11.775Z] ast/civics/hard:
[2026-09-04T07:55:11.777Z]   ✓ 輸出 200 題 → D:\Junior\assets\js\banks\ast\civics\hard.js
[2026-09-04T07:55:11.778Z] 完成。下次更新：2026-10-01

